Wed Apr  9 11:28:09 EDT 2025
r817u35n06.misha.ycrc.yale.edu
/gpfs/radev/home/tj372/project/paper_polish/scripts
wandb: Using wandb-core as the SDK backend.  Please refer to https://wandb.me/wandb-core for more information.
wandb: Using wandb-core as the SDK backend.  Please refer to https://wandb.me/wandb-core for more information.
wandb: Currently logged in as: david-jeong (david-jeong-yale-university) to https://api.wandb.ai. Use `wandb login --relogin` to force relogin
wandb: Currently logged in as: david-jeong (david-jeong-yale-university) to https://api.wandb.ai. Use `wandb login --relogin` to force relogin
wandb: Tracking run with wandb version 0.19.9
wandb: Run data is saved locally in /gpfs/radev/project/dijk/tj372/paper_polish/wandb/run-20250409_112931-p1t42b8w
wandb: Run `wandb offline` to turn off syncing.
wandb: Syncing run paper_polish_finetune_gemma3-4b
wandb: ⭐️ View project at https://wandb.ai/david-jeong-yale-university/paper_polish
wandb: 🚀 View run at https://wandb.ai/david-jeong-yale-university/paper_polish/runs/p1t42b8w
wandb: Tracking run with wandb version 0.19.9
wandb: Run data is saved locally in /gpfs/radev/project/dijk/tj372/paper_polish/wandb/run-20250409_112931-6sfoof9c
wandb: Run `wandb offline` to turn off syncing.
wandb: Syncing run paper_polish_finetune_gemma3-4b
wandb: ⭐️ View project at https://wandb.ai/david-jeong-yale-university/paper_polish
wandb: 🚀 View run at https://wandb.ai/david-jeong-yale-university/paper_polish/runs/6sfoof9c
Starting dataset preprocessing...
Starting dataset preprocessing...
Dataset preprocessing finished.Dataset preprocessing finished.

Sample batch from DataLoader:Sample batch from DataLoader:

input_ids: shape=torch.Size([1, 12000]), dtype=torch.int64input_ids: shape=torch.Size([1, 12000]), dtype=torch.int64

attention_mask: shape=torch.Size([1, 12000]), dtype=torch.int64attention_mask: shape=torch.Size([1, 12000]), dtype=torch.int64

labels: shape=torch.Size([1, 12000]), dtype=torch.int64
labels: shape=torch.Size([1, 12000]), dtype=torch.int64
{'train': Dataset({
    features: ['model_input', 'result', 'id', 'title', 'track', 'status', 'keywords', 'primary_area', 'author', 'authorids', 'aff', 'aff_domain', 'position', 'rating', 'confidence', 'soundness', 'contribution', 'presentation', 'rating_avg', 'confidence_avg', 'soundness_avg', 'contribution_avg', 'presentation_avg', 'replies_avg', 'corr_rating_confidence', 'project', 'github', 'site', 'or', 'strengths', 'weaknesses', 'summary', 'questions', 'input_ids', 'attention_mask', 'labels'],
    num_rows: 9289
}), 'val': Dataset({
    features: ['model_input', 'result', 'id', 'title', 'track', 'status', 'keywords', 'primary_area', 'author', 'authorids', 'aff', 'aff_domain', 'position', 'rating', 'confidence', 'soundness', 'contribution', 'presentation', 'rating_avg', 'confidence_avg', 'soundness_avg', 'contribution_avg', 'presentation_avg', 'replies_avg', 'corr_rating_confidence', 'project', 'github', 'site', 'or', 'strengths', 'weaknesses', 'summary', 'questions', 'input_ids', 'attention_mask', 'labels'],
    num_rows: 1161
}), 'test': Dataset({
    features: ['model_input', 'result', 'id', 'title', 'track', 'status', 'keywords', 'primary_area', 'author', 'authorids', 'aff', 'aff_domain', 'position', 'rating', 'confidence', 'soundness', 'contribution', 'presentation', 'rating_avg', 'confidence_avg', 'soundness_avg', 'contribution_avg', 'presentation_avg', 'replies_avg', 'corr_rating_confidence', 'project', 'github', 'site', 'or', 'strengths', 'weaknesses', 'summary', 'questions', 'input_ids', 'attention_mask', 'labels'],
    num_rows: 1162
})}{'train': Dataset({
    features: ['model_input', 'result', 'id', 'title', 'track', 'status', 'keywords', 'primary_area', 'author', 'authorids', 'aff', 'aff_domain', 'position', 'rating', 'confidence', 'soundness', 'contribution', 'presentation', 'rating_avg', 'confidence_avg', 'soundness_avg', 'contribution_avg', 'presentation_avg', 'replies_avg', 'corr_rating_confidence', 'project', 'github', 'site', 'or', 'strengths', 'weaknesses', 'summary', 'questions', 'input_ids', 'attention_mask', 'labels'],
    num_rows: 9289
}), 'val': Dataset({
    features: ['model_input', 'result', 'id', 'title', 'track', 'status', 'keywords', 'primary_area', 'author', 'authorids', 'aff', 'aff_domain', 'position', 'rating', 'confidence', 'soundness', 'contribution', 'presentation', 'rating_avg', 'confidence_avg', 'soundness_avg', 'contribution_avg', 'presentation_avg', 'replies_avg', 'corr_rating_confidence', 'project', 'github', 'site', 'or', 'strengths', 'weaknesses', 'summary', 'questions', 'input_ids', 'attention_mask', 'labels'],
    num_rows: 1161
}), 'test': Dataset({
    features: ['model_input', 'result', 'id', 'title', 'track', 'status', 'keywords', 'primary_area', 'author', 'authorids', 'aff', 'aff_domain', 'position', 'rating', 'confidence', 'soundness', 'contribution', 'presentation', 'rating_avg', 'confidence_avg', 'soundness_avg', 'contribution_avg', 'presentation_avg', 'replies_avg', 'corr_rating_confidence', 'project', 'github', 'site', 'or', 'strengths', 'weaknesses', 'summary', 'questions', 'input_ids', 'attention_mask', 'labels'],
    num_rows: 1162
})}

/gpfs/radev/home/tj372/.conda/envs/cpsc477-paper-polish/lib/python3.11/site-packages/transformers/models/auto/modeling_auto.py:1682: FutureWarning: Loading a multimodal model with `AutoModelForCausalLM` is deprecated and will be removed in v5. `AutoModelForCausalLM` will be used to load only the text-to-text generation module.
  warnings.warn(
/gpfs/radev/home/tj372/.conda/envs/cpsc477-paper-polish/lib/python3.11/site-packages/transformers/models/auto/modeling_auto.py:1682: FutureWarning: Loading a multimodal model with `AutoModelForCausalLM` is deprecated and will be removed in v5. `AutoModelForCausalLM` will be used to load only the text-to-text generation module.
  warnings.warn(
Loading checkpoint shards:   0%|          | 0/2 [00:00<?, ?it/s]Loading checkpoint shards:   0%|          | 0/2 [00:00<?, ?it/s]Loading checkpoint shards:  50%|█████     | 1/2 [00:39<00:39, 39.90s/it]Loading checkpoint shards:  50%|█████     | 1/2 [00:39<00:39, 39.93s/it]Loading checkpoint shards: 100%|██████████| 2/2 [01:08<00:00, 33.08s/it]Loading checkpoint shards: 100%|██████████| 2/2 [01:08<00:00, 34.11s/it]
Loading checkpoint shards: 100%|██████████| 2/2 [01:08<00:00, 33.12s/it]Loading checkpoint shards: 100%|██████████| 2/2 [01:08<00:00, 34.13s/it]
/gpfs/radev/home/tj372/.conda/envs/cpsc477-paper-polish/lib/python3.11/site-packages/transformers/training_args.py:1611: FutureWarning: `evaluation_strategy` is deprecated and will be removed in version 4.46 of 🤗 Transformers. Use `eval_strategy` instead
  warnings.warn(
/gpfs/radev/home/tj372/.conda/envs/cpsc477-paper-polish/lib/python3.11/site-packages/transformers/training_args.py:1611: FutureWarning: `evaluation_strategy` is deprecated and will be removed in version 4.46 of 🤗 Transformers. Use `eval_strategy` instead
  warnings.warn(
Detected kernel version 4.18.0, which is below the recommended minimum of 5.5.0; this can cause the process to hang. It is recommended to upgrade the kernel to the minimum version or higher.
No label_names provided for model class `PeftModelForCausalLM`. Since `PeftModel` hides base models input arguments, if label_names is not given, label_names can't be set automatically within `Trainer`. Note that empty label_names list will be used instead.
No label_names provided for model class `PeftModelForCausalLM`. Since `PeftModel` hides base models input arguments, if label_names is not given, label_names can't be set automatically within `Trainer`. Note that empty label_names list will be used instead.
wandb: WARNING The `run_name` is currently set to the same value as `TrainingArguments.output_dir`. If this was not intended, please specify a different run name by setting the `TrainingArguments.run_name` parameter.
  0%|          | 0/13935 [00:00<?, ?it/s]It is strongly recommended to train Gemma3 models with the `eager` attention implementation instead of `sdpa`. Use `eager` with `AutoModelForCausalLM.from_pretrained('<path-to-checkpoint>', attn_implementation='eager')`.
It is strongly recommended to train Gemma3 models with the `eager` attention implementation instead of `sdpa`. Use `eager` with `AutoModelForCausalLM.from_pretrained('<path-to-checkpoint>', attn_implementation='eager')`.
[rank0]: Traceback (most recent call last):
[rank0]:   File "/gpfs/radev/project/dijk/tj372/paper_polish/train_review_generator.py", line 243, in <module>
[rank0]:     main()
[rank0]:   File "/gpfs/radev/project/dijk/tj372/paper_polish/train_review_generator.py", line 230, in main
[rank0]:     trainer.train()
[rank0]:   File "/gpfs/radev/home/tj372/.conda/envs/cpsc477-paper-polish/lib/python3.11/site-packages/transformers/trainer.py", line 2245, in train
[rank0]:     return inner_training_loop(
[rank0]:            ^^^^^^^^^^^^^^^^^^^^
[rank0]:   File "/gpfs/radev/home/tj372/.conda/envs/cpsc477-paper-polish/lib/python3.11/site-packages/transformers/trainer.py", line 2556, in _inner_training_loop
[rank0]:     tr_loss_step = self.training_step(model, inputs, num_items_in_batch)
[rank0]:                    ^^^^^^^^^^^^^^^^^^^^^^^^^^^^^^^^^^^^^^^^^^^^^^^^^^^^^
[rank0]:   File "/gpfs/radev/home/tj372/.conda/envs/cpsc477-paper-polish/lib/python3.11/site-packages/transformers/trainer.py", line 3718, in training_step
[rank0]:     loss = self.compute_loss(model, inputs, num_items_in_batch=num_items_in_batch)
[rank0]:            ^^^^^^^^^^^^^^^^^^^^^^^^^^^^^^^^^^^^^^^^^^^^^^^^^^^^^^^^^^^^^^^^^^^^^^^
[rank0]:   File "/gpfs/radev/home/tj372/.conda/envs/cpsc477-paper-polish/lib/python3.11/site-packages/transformers/trainer.py", line 3783, in compute_loss
[rank0]:     outputs = model(**inputs)
[rank0]:               ^^^^^^^^^^^^^^^
[rank0]:   File "/gpfs/radev/home/tj372/.conda/envs/cpsc477-paper-polish/lib/python3.11/site-packages/torch/nn/modules/module.py", line 1739, in _wrapped_call_impl
[rank0]:     return self._call_impl(*args, **kwargs)
[rank0]:            ^^^^^^^^^^^^^^^^^^^^^^^^^^^^^^^^
[rank0]:   File "/gpfs/radev/home/tj372/.conda/envs/cpsc477-paper-polish/lib/python3.11/site-packages/torch/nn/modules/module.py", line 1750, in _call_impl
[rank0]:     return forward_call(*args, **kwargs)
[rank0]:            ^^^^^^^^^^^^^^^^^^^^^^^^^^^^^
[rank0]:   File "/gpfs/radev/home/tj372/.conda/envs/cpsc477-paper-polish/lib/python3.11/site-packages/torch/nn/parallel/distributed.py", line 1643, in forward
[rank0]:     else self._run_ddp_forward(*inputs, **kwargs)
[rank0]:          ^^^^^^^^^^^^^^^^^^^^^^^^^^^^^^^^^^^^^^^^
[rank0]:   File "/gpfs/radev/home/tj372/.conda/envs/cpsc477-paper-polish/lib/python3.11/site-packages/torch/nn/parallel/distributed.py", line 1459, in _run_ddp_forward
[rank0]:     return self.module(*inputs, **kwargs)  # type: ignore[index]
[rank0]:            ^^^^^^^^^^^^^^^^^^^^^^^^^^^^^^
[rank0]:   File "/gpfs/radev/home/tj372/.conda/envs/cpsc477-paper-polish/lib/python3.11/site-packages/torch/nn/modules/module.py", line 1739, in _wrapped_call_impl
[rank0]:     return self._call_impl(*args, **kwargs)
[rank0]:            ^^^^^^^^^^^^^^^^^^^^^^^^^^^^^^^^
[rank0]:   File "/gpfs/radev/home/tj372/.conda/envs/cpsc477-paper-polish/lib/python3.11/site-packages/torch/nn/modules/module.py", line 1750, in _call_impl
[rank0]:     return forward_call(*args, **kwargs)
[rank0]:            ^^^^^^^^^^^^^^^^^^^^^^^^^^^^^
[rank0]:   File "/gpfs/radev/home/tj372/.conda/envs/cpsc477-paper-polish/lib/python3.11/site-packages/accelerate/utils/operations.py", line 814, in forward
[rank0]:     return model_forward(*args, **kwargs)
[rank0]:            ^^^^^^^^^^^^^^^^^^^^^^^^^^^^^^
[rank0]:   File "/gpfs/radev/home/tj372/.conda/envs/cpsc477-paper-polish/lib/python3.11/site-packages/accelerate/utils/operations.py", line 802, in __call__
[rank0]:     return convert_to_fp32(self.model_forward(*args, **kwargs))
[rank0]:                            ^^^^^^^^^^^^^^^^^^^^^^^^^^^^^^^^^^^
[rank0]:   File "/gpfs/radev/home/tj372/.conda/envs/cpsc477-paper-polish/lib/python3.11/site-packages/torch/amp/autocast_mode.py", line 44, in decorate_autocast
[rank0]:     return func(*args, **kwargs)
[rank0]:            ^^^^^^^^^^^^^^^^^^^^^
[rank0]:   File "/gpfs/radev/home/tj372/.conda/envs/cpsc477-paper-polish/lib/python3.11/site-packages/peft/peft_model.py", line 1756, in forward
[rank0]:     return self.base_model(
[rank0]:            ^^^^^^^^^^^^^^^^
[rank0]:   File "/gpfs/radev/home/tj372/.conda/envs/cpsc477-paper-polish/lib/python3.11/site-packages/torch/nn/modules/module.py", line 1739, in _wrapped_call_impl
[rank0]:     return self._call_impl(*args, **kwargs)
[rank0]:            ^^^^^^^^^^^^^^^^^^^^^^^^^^^^^^^^
[rank0]:   File "/gpfs/radev/home/tj372/.conda/envs/cpsc477-paper-polish/lib/python3.11/site-packages/torch/nn/modules/module.py", line 1750, in _call_impl
[rank0]:     return forward_call(*args, **kwargs)
[rank0]:            ^^^^^^^^^^^^^^^^^^^^^^^^^^^^^
[rank0]:   File "/gpfs/radev/home/tj372/.conda/envs/cpsc477-paper-polish/lib/python3.11/site-packages/peft/tuners/tuners_utils.py", line 193, in forward
[rank0]:     return self.model.forward(*args, **kwargs)
[rank0]:            ^^^^^^^^^^^^^^^^^^^^^^^^^^^^^^^^^^^
[rank0]:   File "/gpfs/radev/home/tj372/.conda/envs/cpsc477-paper-polish/lib/python3.11/site-packages/transformers/utils/deprecation.py", line 172, in wrapped_func
[rank0]:     return func(*args, **kwargs)
[rank0]:            ^^^^^^^^^^^^^^^^^^^^^
[rank0]:   File "/gpfs/radev/home/tj372/.conda/envs/cpsc477-paper-polish/lib/python3.11/site-packages/transformers/models/gemma3/modeling_gemma3.py", line 1351, in forward
[rank0]:     outputs = self.language_model(
[rank0]:               ^^^^^^^^^^^^^^^^^^^^
[rank0]:   File "/gpfs/radev/home/tj372/.conda/envs/cpsc477-paper-polish/lib/python3.11/site-packages/torch/nn/modules/module.py", line 1739, in _wrapped_call_impl
[rank0]:     return self._call_impl(*args, **kwargs)
[rank0]:            ^^^^^^^^^^^^^^^^^^^^^^^^^^^^^^^^
[rank0]:   File "/gpfs/radev/home/tj372/.conda/envs/cpsc477-paper-polish/lib/python3.11/site-packages/torch/nn/modules/module.py", line 1750, in _call_impl
[rank0]:     return forward_call(*args, **kwargs)
[rank0]:            ^^^^^^^^^^^^^^^^^^^^^^^^^^^^^
[rank0]:   File "/gpfs/radev/home/tj372/.conda/envs/cpsc477-paper-polish/lib/python3.11/site-packages/transformers/utils/deprecation.py", line 172, in wrapped_func
[rank0]:     return func(*args, **kwargs)
[rank0]:            ^^^^^^^^^^^^^^^^^^^^^
[rank0]:   File "/gpfs/radev/home/tj372/.conda/envs/cpsc477-paper-polish/lib/python3.11/site-packages/transformers/models/gemma3/modeling_gemma3.py", line 978, in forward
[rank0]:     outputs = self.model(
[rank0]:               ^^^^^^^^^^^
[rank0]:   File "/gpfs/radev/home/tj372/.conda/envs/cpsc477-paper-polish/lib/python3.11/site-packages/torch/nn/modules/module.py", line 1739, in _wrapped_call_impl
[rank0]:     return self._call_impl(*args, **kwargs)
[rank0]:            ^^^^^^^^^^^^^^^^^^^^^^^^^^^^^^^^
[rank0]:   File "/gpfs/radev/home/tj372/.conda/envs/cpsc477-paper-polish/lib/python3.11/site-packages/torch/nn/modules/module.py", line 1750, in _call_impl
[rank0]:     return forward_call(*args, **kwargs)
[rank0]:            ^^^^^^^^^^^^^^^^^^^^^^^^^^^^^
[rank0]:   File "/gpfs/radev/home/tj372/.conda/envs/cpsc477-paper-polish/lib/python3.11/site-packages/transformers/models/gemma3/modeling_gemma3.py", line 756, in forward
[rank0]:     layer_outputs = decoder_layer(
[rank0]:                     ^^^^^^^^^^^^^^
[rank0]:   File "/gpfs/radev/home/tj372/.conda/envs/cpsc477-paper-polish/lib/python3.11/site-packages/torch/nn/modules/module.py", line 1739, in _wrapped_call_impl
[rank0]:     return self._call_impl(*args, **kwargs)
[rank0]:            ^^^^^^^^^^^^^^^^^^^^^^^^^^^^^^^^
[rank0]:   File "/gpfs/radev/home/tj372/.conda/envs/cpsc477-paper-polish/lib/python3.11/site-packages/torch/nn/modules/module.py", line 1750, in _call_impl
[rank0]:     return forward_call(*args, **kwargs)
[rank0]:            ^^^^^^^^^^^^^^^^^^^^^^^^^^^^^
[rank0]:   File "/gpfs/radev/home/tj372/.conda/envs/cpsc477-paper-polish/lib/python3.11/site-packages/transformers/models/gemma3/modeling_gemma3.py", line 461, in forward
[rank0]:     hidden_states = self.mlp(hidden_states)
[rank0]:                     ^^^^^^^^^^^^^^^^^^^^^^^
[rank0]:   File "/gpfs/radev/home/tj372/.conda/envs/cpsc477-paper-polish/lib/python3.11/site-packages/torch/nn/modules/module.py", line 1739, in _wrapped_call_impl
[rank0]:     return self._call_impl(*args, **kwargs)
[rank0]:            ^^^^^^^^^^^^^^^^^^^^^^^^^^^^^^^^
[rank0]:   File "/gpfs/radev/home/tj372/.conda/envs/cpsc477-paper-polish/lib/python3.11/site-packages/torch/nn/modules/module.py", line 1750, in _call_impl
[rank0]:     return forward_call(*args, **kwargs)
[rank0]:            ^^^^^^^^^^^^^^^^^^^^^^^^^^^^^
[rank0]:   File "/gpfs/radev/home/tj372/.conda/envs/cpsc477-paper-polish/lib/python3.11/site-packages/transformers/models/gemma3/modeling_gemma3.py", line 119, in forward
[rank0]:     down_proj = self.down_proj(self.act_fn(self.gate_proj(x)) * self.up_proj(x))
[rank0]:                 ^^^^^^^^^^^^^^^^^^^^^^^^^^^^^^^^^^^^^^^^^^^^^^^^^^^^^^^^^^^^^^^^
[rank0]:   File "/gpfs/radev/home/tj372/.conda/envs/cpsc477-paper-polish/lib/python3.11/site-packages/torch/nn/modules/module.py", line 1739, in _wrapped_call_impl
[rank0]:     return self._call_impl(*args, **kwargs)
[rank0]:            ^^^^^^^^^^^^^^^^^^^^^^^^^^^^^^^^
[rank0]:   File "/gpfs/radev/home/tj372/.conda/envs/cpsc477-paper-polish/lib/python3.11/site-packages/torch/nn/modules/module.py", line 1750, in _call_impl
[rank0]:     return forward_call(*args, **kwargs)
[rank0]:            ^^^^^^^^^^^^^^^^^^^^^^^^^^^^^
[rank0]:   File "/gpfs/radev/home/tj372/.conda/envs/cpsc477-paper-polish/lib/python3.11/site-packages/peft/tuners/lora/layer.py", line 727, in forward
[rank0]:     result = result + lora_B(lora_A(dropout(x))) * scaling
[rank0]:                                     ^^^^^^^^^^
[rank0]:   File "/gpfs/radev/home/tj372/.conda/envs/cpsc477-paper-polish/lib/python3.11/site-packages/torch/nn/modules/module.py", line 1739, in _wrapped_call_impl
[rank0]:     return self._call_impl(*args, **kwargs)
[rank0]:            ^^^^^^^^^^^^^^^^^^^^^^^^^^^^^^^^
[rank0]:   File "/gpfs/radev/home/tj372/.conda/envs/cpsc477-paper-polish/lib/python3.11/site-packages/torch/nn/modules/module.py", line 1750, in _call_impl
[rank0]:     return forward_call(*args, **kwargs)
[rank0]:            ^^^^^^^^^^^^^^^^^^^^^^^^^^^^^
[rank0]:   File "/gpfs/radev/home/tj372/.conda/envs/cpsc477-paper-polish/lib/python3.11/site-packages/torch/nn/modules/dropout.py", line 70, in forward
[rank0]:     return F.dropout(input, self.p, self.training, self.inplace)
[rank0]:            ^^^^^^^^^^^^^^^^^^^^^^^^^^^^^^^^^^^^^^^^^^^^^^^^^^^^^
[rank0]:   File "/gpfs/radev/home/tj372/.conda/envs/cpsc477-paper-polish/lib/python3.11/site-packages/torch/nn/functional.py", line 1425, in dropout
[rank0]:     _VF.dropout_(input, p, training) if inplace else _VF.dropout(input, p, training)
[rank0]:                                                      ^^^^^^^^^^^^^^^^^^^^^^^^^^^^^^^
[rank0]: torch.OutOfMemoryError: CUDA out of memory. Tried to allocate 470.00 MiB. GPU 0 has a total capacity of 79.10 GiB of which 422.75 MiB is free. Including non-PyTorch memory, this process has 78.67 GiB memory in use. Of the allocated memory 75.67 GiB is allocated by PyTorch, and 1.92 GiB is reserved by PyTorch but unallocated. If reserved but unallocated memory is large try setting PYTORCH_CUDA_ALLOC_CONF=expandable_segments:True to avoid fragmentation.  See documentation for Memory Management  (https://pytorch.org/docs/stable/notes/cuda.html#environment-variables)
[rank1]: Traceback (most recent call last):
[rank1]:   File "/gpfs/radev/project/dijk/tj372/paper_polish/train_review_generator.py", line 243, in <module>
[rank1]:     main()
[rank1]:   File "/gpfs/radev/project/dijk/tj372/paper_polish/train_review_generator.py", line 230, in main
[rank1]:     trainer.train()
[rank1]:   File "/gpfs/radev/home/tj372/.conda/envs/cpsc477-paper-polish/lib/python3.11/site-packages/transformers/trainer.py", line 2245, in train
[rank1]:     return inner_training_loop(
[rank1]:            ^^^^^^^^^^^^^^^^^^^^
[rank1]:   File "/gpfs/radev/home/tj372/.conda/envs/cpsc477-paper-polish/lib/python3.11/site-packages/transformers/trainer.py", line 2556, in _inner_training_loop
[rank1]:     tr_loss_step = self.training_step(model, inputs, num_items_in_batch)
[rank1]:                    ^^^^^^^^^^^^^^^^^^^^^^^^^^^^^^^^^^^^^^^^^^^^^^^^^^^^^
[rank1]:   File "/gpfs/radev/home/tj372/.conda/envs/cpsc477-paper-polish/lib/python3.11/site-packages/transformers/trainer.py", line 3718, in training_step
[rank1]:     loss = self.compute_loss(model, inputs, num_items_in_batch=num_items_in_batch)
[rank1]:            ^^^^^^^^^^^^^^^^^^^^^^^^^^^^^^^^^^^^^^^^^^^^^^^^^^^^^^^^^^^^^^^^^^^^^^^
[rank1]:   File "/gpfs/radev/home/tj372/.conda/envs/cpsc477-paper-polish/lib/python3.11/site-packages/transformers/trainer.py", line 3783, in compute_loss
[rank1]:     outputs = model(**inputs)
[rank1]:               ^^^^^^^^^^^^^^^
[rank1]:   File "/gpfs/radev/home/tj372/.conda/envs/cpsc477-paper-polish/lib/python3.11/site-packages/torch/nn/modules/module.py", line 1739, in _wrapped_call_impl
[rank1]:     return self._call_impl(*args, **kwargs)
[rank1]:            ^^^^^^^^^^^^^^^^^^^^^^^^^^^^^^^^
[rank1]:   File "/gpfs/radev/home/tj372/.conda/envs/cpsc477-paper-polish/lib/python3.11/site-packages/torch/nn/modules/module.py", line 1750, in _call_impl
[rank1]:     return forward_call(*args, **kwargs)
[rank1]:            ^^^^^^^^^^^^^^^^^^^^^^^^^^^^^
[rank1]:   File "/gpfs/radev/home/tj372/.conda/envs/cpsc477-paper-polish/lib/python3.11/site-packages/torch/nn/parallel/distributed.py", line 1643, in forward
[rank1]:     else self._run_ddp_forward(*inputs, **kwargs)
[rank1]:          ^^^^^^^^^^^^^^^^^^^^^^^^^^^^^^^^^^^^^^^^
[rank1]:   File "/gpfs/radev/home/tj372/.conda/envs/cpsc477-paper-polish/lib/python3.11/site-packages/torch/nn/parallel/distributed.py", line 1459, in _run_ddp_forward
[rank1]:     return self.module(*inputs, **kwargs)  # type: ignore[index]
[rank1]:            ^^^^^^^^^^^^^^^^^^^^^^^^^^^^^^
[rank1]:   File "/gpfs/radev/home/tj372/.conda/envs/cpsc477-paper-polish/lib/python3.11/site-packages/torch/nn/modules/module.py", line 1739, in _wrapped_call_impl
[rank1]:     return self._call_impl(*args, **kwargs)
[rank1]:            ^^^^^^^^^^^^^^^^^^^^^^^^^^^^^^^^
[rank1]:   File "/gpfs/radev/home/tj372/.conda/envs/cpsc477-paper-polish/lib/python3.11/site-packages/torch/nn/modules/module.py", line 1750, in _call_impl
[rank1]:     return forward_call(*args, **kwargs)
[rank1]:            ^^^^^^^^^^^^^^^^^^^^^^^^^^^^^
[rank1]:   File "/gpfs/radev/home/tj372/.conda/envs/cpsc477-paper-polish/lib/python3.11/site-packages/accelerate/utils/operations.py", line 814, in forward
[rank1]:     return model_forward(*args, **kwargs)
[rank1]:            ^^^^^^^^^^^^^^^^^^^^^^^^^^^^^^
[rank1]:   File "/gpfs/radev/home/tj372/.conda/envs/cpsc477-paper-polish/lib/python3.11/site-packages/accelerate/utils/operations.py", line 802, in __call__
[rank1]:     return convert_to_fp32(self.model_forward(*args, **kwargs))
[rank1]:                            ^^^^^^^^^^^^^^^^^^^^^^^^^^^^^^^^^^^
[rank1]:   File "/gpfs/radev/home/tj372/.conda/envs/cpsc477-paper-polish/lib/python3.11/site-packages/torch/amp/autocast_mode.py", line 44, in decorate_autocast
[rank1]:     return func(*args, **kwargs)
[rank1]:            ^^^^^^^^^^^^^^^^^^^^^
[rank1]:   File "/gpfs/radev/home/tj372/.conda/envs/cpsc477-paper-polish/lib/python3.11/site-packages/peft/peft_model.py", line 1756, in forward
[rank1]:     return self.base_model(
[rank1]:            ^^^^^^^^^^^^^^^^
[rank1]:   File "/gpfs/radev/home/tj372/.conda/envs/cpsc477-paper-polish/lib/python3.11/site-packages/torch/nn/modules/module.py", line 1739, in _wrapped_call_impl
[rank1]:     return self._call_impl(*args, **kwargs)
[rank1]:            ^^^^^^^^^^^^^^^^^^^^^^^^^^^^^^^^
[rank1]:   File "/gpfs/radev/home/tj372/.conda/envs/cpsc477-paper-polish/lib/python3.11/site-packages/torch/nn/modules/module.py", line 1750, in _call_impl
[rank1]:     return forward_call(*args, **kwargs)
[rank1]:            ^^^^^^^^^^^^^^^^^^^^^^^^^^^^^
[rank1]:   File "/gpfs/radev/home/tj372/.conda/envs/cpsc477-paper-polish/lib/python3.11/site-packages/peft/tuners/tuners_utils.py", line 193, in forward
[rank1]:     return self.model.forward(*args, **kwargs)
[rank1]:            ^^^^^^^^^^^^^^^^^^^^^^^^^^^^^^^^^^^
[rank1]:   File "/gpfs/radev/home/tj372/.conda/envs/cpsc477-paper-polish/lib/python3.11/site-packages/transformers/utils/deprecation.py", line 172, in wrapped_func
[rank1]:     return func(*args, **kwargs)
[rank1]:            ^^^^^^^^^^^^^^^^^^^^^
[rank1]:   File "/gpfs/radev/home/tj372/.conda/envs/cpsc477-paper-polish/lib/python3.11/site-packages/transformers/models/gemma3/modeling_gemma3.py", line 1351, in forward
[rank1]:     outputs = self.language_model(
[rank1]:               ^^^^^^^^^^^^^^^^^^^^
[rank1]:   File "/gpfs/radev/home/tj372/.conda/envs/cpsc477-paper-polish/lib/python3.11/site-packages/torch/nn/modules/module.py", line 1739, in _wrapped_call_impl
[rank1]:     return self._call_impl(*args, **kwargs)
[rank1]:            ^^^^^^^^^^^^^^^^^^^^^^^^^^^^^^^^
[rank1]:   File "/gpfs/radev/home/tj372/.conda/envs/cpsc477-paper-polish/lib/python3.11/site-packages/torch/nn/modules/module.py", line 1750, in _call_impl
[rank1]:     return forward_call(*args, **kwargs)
[rank1]:            ^^^^^^^^^^^^^^^^^^^^^^^^^^^^^
[rank1]:   File "/gpfs/radev/home/tj372/.conda/envs/cpsc477-paper-polish/lib/python3.11/site-packages/transformers/utils/deprecation.py", line 172, in wrapped_func
[rank1]:     return func(*args, **kwargs)
[rank1]:            ^^^^^^^^^^^^^^^^^^^^^
[rank1]:   File "/gpfs/radev/home/tj372/.conda/envs/cpsc477-paper-polish/lib/python3.11/site-packages/transformers/models/gemma3/modeling_gemma3.py", line 978, in forward
[rank1]:     outputs = self.model(
[rank1]:               ^^^^^^^^^^^
[rank1]:   File "/gpfs/radev/home/tj372/.conda/envs/cpsc477-paper-polish/lib/python3.11/site-packages/torch/nn/modules/module.py", line 1739, in _wrapped_call_impl
[rank1]:     return self._call_impl(*args, **kwargs)
[rank1]:            ^^^^^^^^^^^^^^^^^^^^^^^^^^^^^^^^
[rank1]:   File "/gpfs/radev/home/tj372/.conda/envs/cpsc477-paper-polish/lib/python3.11/site-packages/torch/nn/modules/module.py", line 1750, in _call_impl
[rank1]:     return forward_call(*args, **kwargs)
[rank1]:            ^^^^^^^^^^^^^^^^^^^^^^^^^^^^^
[rank1]:   File "/gpfs/radev/home/tj372/.conda/envs/cpsc477-paper-polish/lib/python3.11/site-packages/transformers/models/gemma3/modeling_gemma3.py", line 756, in forward
[rank1]:     layer_outputs = decoder_layer(
[rank1]:                     ^^^^^^^^^^^^^^
[rank1]:   File "/gpfs/radev/home/tj372/.conda/envs/cpsc477-paper-polish/lib/python3.11/site-packages/torch/nn/modules/module.py", line 1739, in _wrapped_call_impl
[rank1]:     return self._call_impl(*args, **kwargs)
[rank1]:            ^^^^^^^^^^^^^^^^^^^^^^^^^^^^^^^^
[rank1]:   File "/gpfs/radev/home/tj372/.conda/envs/cpsc477-paper-polish/lib/python3.11/site-packages/torch/nn/modules/module.py", line 1750, in _call_impl
[rank1]:     return forward_call(*args, **kwargs)
[rank1]:            ^^^^^^^^^^^^^^^^^^^^^^^^^^^^^
[rank1]:   File "/gpfs/radev/home/tj372/.conda/envs/cpsc477-paper-polish/lib/python3.11/site-packages/transformers/models/gemma3/modeling_gemma3.py", line 461, in forward
[rank1]:     hidden_states = self.mlp(hidden_states)
[rank1]:                     ^^^^^^^^^^^^^^^^^^^^^^^
[rank1]:   File "/gpfs/radev/home/tj372/.conda/envs/cpsc477-paper-polish/lib/python3.11/site-packages/torch/nn/modules/module.py", line 1739, in _wrapped_call_impl
[rank1]:     return self._call_impl(*args, **kwargs)
[rank1]:            ^^^^^^^^^^^^^^^^^^^^^^^^^^^^^^^^
[rank1]:   File "/gpfs/radev/home/tj372/.conda/envs/cpsc477-paper-polish/lib/python3.11/site-packages/torch/nn/modules/module.py", line 1750, in _call_impl
[rank1]:     return forward_call(*args, **kwargs)
[rank1]:            ^^^^^^^^^^^^^^^^^^^^^^^^^^^^^
[rank1]:   File "/gpfs/radev/home/tj372/.conda/envs/cpsc477-paper-polish/lib/python3.11/site-packages/transformers/models/gemma3/modeling_gemma3.py", line 119, in forward
[rank1]:     down_proj = self.down_proj(self.act_fn(self.gate_proj(x)) * self.up_proj(x))
[rank1]:                 ^^^^^^^^^^^^^^^^^^^^^^^^^^^^^^^^^^^^^^^^^^^^^^^^^^^^^^^^^^^^^^^^
[rank1]:   File "/gpfs/radev/home/tj372/.conda/envs/cpsc477-paper-polish/lib/python3.11/site-packages/torch/nn/modules/module.py", line 1739, in _wrapped_call_impl
[rank1]:     return self._call_impl(*args, **kwargs)
[rank1]:            ^^^^^^^^^^^^^^^^^^^^^^^^^^^^^^^^
[rank1]:   File "/gpfs/radev/home/tj372/.conda/envs/cpsc477-paper-polish/lib/python3.11/site-packages/torch/nn/modules/module.py", line 1750, in _call_impl
[rank1]:     return forward_call(*args, **kwargs)
[rank1]:            ^^^^^^^^^^^^^^^^^^^^^^^^^^^^^
[rank1]:   File "/gpfs/radev/home/tj372/.conda/envs/cpsc477-paper-polish/lib/python3.11/site-packages/peft/tuners/lora/layer.py", line 727, in forward
[rank1]:     result = result + lora_B(lora_A(dropout(x))) * scaling
[rank1]:                                     ^^^^^^^^^^
[rank1]:   File "/gpfs/radev/home/tj372/.conda/envs/cpsc477-paper-polish/lib/python3.11/site-packages/torch/nn/modules/module.py", line 1739, in _wrapped_call_impl
[rank1]:     return self._call_impl(*args, **kwargs)
[rank1]:            ^^^^^^^^^^^^^^^^^^^^^^^^^^^^^^^^
[rank1]:   File "/gpfs/radev/home/tj372/.conda/envs/cpsc477-paper-polish/lib/python3.11/site-packages/torch/nn/modules/module.py", line 1750, in _call_impl
[rank1]:     return forward_call(*args, **kwargs)
[rank1]:            ^^^^^^^^^^^^^^^^^^^^^^^^^^^^^
[rank1]:   File "/gpfs/radev/home/tj372/.conda/envs/cpsc477-paper-polish/lib/python3.11/site-packages/torch/nn/modules/dropout.py", line 70, in forward
[rank1]:     return F.dropout(input, self.p, self.training, self.inplace)
[rank1]:            ^^^^^^^^^^^^^^^^^^^^^^^^^^^^^^^^^^^^^^^^^^^^^^^^^^^^^
[rank1]:   File "/gpfs/radev/home/tj372/.conda/envs/cpsc477-paper-polish/lib/python3.11/site-packages/torch/nn/functional.py", line 1425, in dropout
[rank1]:     _VF.dropout_(input, p, training) if inplace else _VF.dropout(input, p, training)
[rank1]:                                                      ^^^^^^^^^^^^^^^^^^^^^^^^^^^^^^^
[rank1]: torch.OutOfMemoryError: CUDA out of memory. Tried to allocate 470.00 MiB. GPU 1 has a total capacity of 79.10 GiB of which 422.75 MiB is free. Including non-PyTorch memory, this process has 78.67 GiB memory in use. Of the allocated memory 75.67 GiB is allocated by PyTorch, and 1.92 GiB is reserved by PyTorch but unallocated. If reserved but unallocated memory is large try setting PYTORCH_CUDA_ALLOC_CONF=expandable_segments:True to avoid fragmentation.  See documentation for Memory Management  (https://pytorch.org/docs/stable/notes/cuda.html#environment-variables)
[1;34mwandb[0m: 
[1;34mwandb[0m: 🚀 View run [33mpaper_polish_finetune_gemma3-4b[0m at: [34mhttps://wandb.ai/david-jeong-yale-university/paper_polish/runs/6sfoof9c[0m
[1;34mwandb[0m: Find logs at: [1;35m../../../../project/dijk/tj372/paper_polish/wandb/run-20250409_112931-6sfoof9c/logs[0m
[1;34mwandb[0m: 
[1;34mwandb[0m: 🚀 View run [33mpaper_polish_finetune_gemma3-4b[0m at: [34mhttps://wandb.ai/david-jeong-yale-university/paper_polish/runs/p1t42b8w[0m
[1;34mwandb[0m: Find logs at: [1;35m../../../../project/dijk/tj372/paper_polish/wandb/run-20250409_112931-p1t42b8w/logs[0m
W0409 11:31:08.243000 1008063 site-packages/torch/distributed/elastic/multiprocessing/api.py:897] Sending process 1008092 closing signal SIGTERM
E0409 11:31:08.560000 1008063 site-packages/torch/distributed/elastic/multiprocessing/api.py:869] failed (exitcode: 1) local_rank: 0 (pid: 1008091) of binary: /gpfs/radev/home/tj372/.conda/envs/cpsc477-paper-polish/bin/python
Traceback (most recent call last):
  File "/gpfs/radev/home/tj372/.conda/envs/cpsc477-paper-polish/bin/torchrun", line 8, in <module>
    sys.exit(main())
             ^^^^^^
  File "/gpfs/radev/home/tj372/.conda/envs/cpsc477-paper-polish/lib/python3.11/site-packages/torch/distributed/elastic/multiprocessing/errors/__init__.py", line 355, in wrapper
    return f(*args, **kwargs)
           ^^^^^^^^^^^^^^^^^^
  File "/gpfs/radev/home/tj372/.conda/envs/cpsc477-paper-polish/lib/python3.11/site-packages/torch/distributed/run.py", line 918, in main
    run(args)
  File "/gpfs/radev/home/tj372/.conda/envs/cpsc477-paper-polish/lib/python3.11/site-packages/torch/distributed/run.py", line 909, in run
    elastic_launch(
  File "/gpfs/radev/home/tj372/.conda/envs/cpsc477-paper-polish/lib/python3.11/site-packages/torch/distributed/launcher/api.py", line 138, in __call__
    return launch_agent(self._config, self._entrypoint, list(args))
           ^^^^^^^^^^^^^^^^^^^^^^^^^^^^^^^^^^^^^^^^^^^^^^^^^^^^^^^^
  File "/gpfs/radev/home/tj372/.conda/envs/cpsc477-paper-polish/lib/python3.11/site-packages/torch/distributed/launcher/api.py", line 269, in launch_agent
    raise ChildFailedError(
torch.distributed.elastic.multiprocessing.errors.ChildFailedError: 
============================================================
train_review_generator.py FAILED
------------------------------------------------------------
Failures:
  <NO_OTHER_FAILURES>
------------------------------------------------------------
Root Cause (first observed failure):
[0]:
  time      : 2025-04-09_11:31:08
  host      : r817u35n06.misha.ycrc.yale.edu
  rank      : 0 (local_rank: 0)
  exitcode  : 1 (pid: 1008091)
  error_file: <N/A>
  traceback : To enable traceback see: https://pytorch.org/docs/stable/elastic/errors.html
============================================================
